#-----------------------------------------------------------
# Vivado v2019.1 (64-bit)
# SW Build 2552052 on Fri May 24 14:49:42 MDT 2019
# IP Build 2548770 on Fri May 24 18:01:18 MDT 2019
# Start of session at: Sun Dec 27 16:06:16 2020
# Process ID: 15620
# Current directory: D:/Verilog/lab_5
# Command line: vivado.exe -gui_launcher_event rodinguilauncherevent11576 D:\Verilog\lab_5\lab_5.xpr
# Log file: D:/Verilog/lab_5/vivado.log
# Journal file: D:/Verilog/lab_5\vivado.jou
#-----------------------------------------------------------
start_gui
open_project D:/Verilog/lab_5/lab_5.xpr
update_compile_order -fileset sources_1
launch_simulation
source top_sim.tcl
update_compile_order -fileset sources_1
run all
close_sim
launch_simulation
source top_sim.tcl
run all
close_sim
launch_simulation
source top_sim.tcl
current_wave_config {Untitled 3}
add_wave {{/top_sim/dut/mips/dp/pcmux/s}} 
relaunch_sim
current_wave_config {Untitled 3}
add_wave {{/top_sim/dut/mips/dp/cmp}} 
current_wave_config {Untitled 3}
add_wave {{/top_sim/dut/mips/c/Jump}} 
current_wave_config {Untitled 3}
add_wave {{/top_sim/dut/mips/dp/JumpD}} 
current_wave_config {Untitled 3}
add_wave {{/top_sim/dut/mips/dp/BranchD}} 
relaunch_sim
current_wave_config {Untitled 3}
add_wave {{/top_sim/dut/mips/dp/pcmux}} 
relaunch_sim
relaunch_sim
run all
relaunch_sim
relaunch_sim
relaunch_sim
current_wave_config {Untitled 3}
add_wave {{/top_sim/dut/mips/dp/pcmux/s[1]}} 
relaunch_sim
relaunch_sim
relaunch_sim
close_sim
